2026-06-29 22:28:53,915 [INFO] Running full recon on joao paulo araujo magalhaes
2026-06-29 22:29:29,359 [WARNING] Platform Twitter failed: Timeout 30000ms exceeded.
2026-06-29 22:32:31,312 [INFO] Running full recon on arthur rizzaro de almeida nascimento
2026-06-29 22:32:32,436 [WARNING] CPF search failed: Page.goto: net::ERR_NAME_NOT_RESOLVED at https://buscador-cpf.com.br/?q=arthur%20rizzaro%20de%20almeida%20nascimento
Call log:
  - navigating to "https://buscador-cpf.com.br/?q=arthur%20rizzaro%20de%20almeida%20nascimento", waiting until "load"

2026-06-29 22:33:05,244 [WARNING] Platform LinkedIn failed: Timeout 30000ms exceeded.
2026-06-29 22:33:06,893 [WARNING] Platform Twitter failed: Timeout 30000ms exceeded.
2026-06-29 22:36:30,927 [INFO] Running full recon on Arthur Rizzaro de Almeida Nascimento
2026-06-29 22:36:32,830 [WARNING] CPF search failed: Page.goto: net::ERR_NAME_NOT_RESOLVED at https://buscador-cpf.com.br/?q=Arthur%20Rizzaro%20de%20Almeida%20Nascimento
Call log:
  - navigating to "https://buscador-cpf.com.br/?q=Arthur%20Rizzaro%20de%20Almeida%20Nascimento", waiting until "load"

2026-06-29 22:36:32,850 [WARNING] ID card search failed: Page.goto: net::ERR_NAME_NOT_RESOLVED at https://busca-idcard.com.br/?q=Arthur%20Rizzaro%20de%20Almeida%20Nascimento
Call log:
  - navigating to "https://busca-idcard.com.br/?q=Arthur%20Rizzaro%20de%20Almeida%20Nascimento", waiting until "load"

2026-06-29 22:37:06,556 [WARNING] Platform Twitter failed: Timeout 30000ms exceeded.
2026-06-29 22:37:25,609 [INFO] Running full recon on Joao paulo Araujo Magalhaes
2026-06-29 22:37:26,629 [WARNING] ID card search failed: Page.goto: net::ERR_NAME_NOT_RESOLVED at https://busca-idcard.com.br/?q=Joao%20paulo%20Araujo%20Magalhaes
Call log:
  - navigating to "https://busca-idcard.com.br/?q=Joao%20paulo%20Araujo%20Magalhaes", waiting until "load"

2026-06-29 22:37:26,674 [WARNING] CPF search failed: Page.goto: net::ERR_NAME_NOT_RESOLVED at https://buscador-cpf.com.br/?q=Joao%20paulo%20Araujo%20Magalhaes
Call log:
  - navigating to "https://buscador-cpf.com.br/?q=Joao%20paulo%20Araujo%20Magalhaes", waiting until "load"

2026-06-29 22:37:59,674 [WARNING] Platform Twitter failed: Timeout 30000ms exceeded.
2026-06-29 22:40:12,560 [INFO] Running full recon on Arthur rizzaro de almeida nascimento
2026-06-29 22:40:13,613 [WARNING] CPF search failed: Page.goto: net::ERR_NAME_NOT_RESOLVED at https://buscador-cpf.com.br/?q=Arthur%20rizzaro%20de%20almeida%20nascimento
Call log:
  - navigating to "https://buscador-cpf.com.br/?q=Arthur%20rizzaro%20de%20almeida%20nascimento", waiting until "load"

2026-06-29 22:40:13,778 [WARNING] ID card search failed: Page.goto: net::ERR_NAME_NOT_RESOLVED at https://busca-idcard.com.br/?q=Arthur%20rizzaro%20de%20almeida%20nascimento
Call log:
  - navigating to "https://busca-idcard.com.br/?q=Arthur%20rizzaro%20de%20almeida%20nascimento", waiting until "load"

2026-06-29 22:40:46,810 [WARNING] Platform Twitter failed: Timeout 30000ms exceeded.
2026-06-29 23:03:42,654 [WARNING] DNS rebind attack failed: [Errno 2] No such file or directory: 'nslookup'
2026-06-29 23:03:47,655 [WARNING] TLS attack failed: Command '['openssl', 's_client', '-connect', 'gov.to.gov.br:443', '-tls1']' timed out after 5 seconds
2026-06-29 23:03:47,926 [WARNING] SQL injection attack failed: HTTPSConnectionPool(host='gov.to.gov.br', port=443): Max retries exceeded with url: /api/users?id=';%20DROP%20TABLE%20users-- (Caused by NameResolutionError("HTTPSConnection(host='gov.to.gov.br', port=443): Failed to resolve 'gov.to.gov.br' ([Errno -2] Name or service not known)"))
2026-06-29 23:03:47,927 [WARNING] CORS attack failed: HTTPSConnectionPool(host='gov.to.gov.br', port=443): Max retries exceeded with url: /api/config (Caused by NameResolutionError("HTTPSConnection(host='gov.to.gov.br', port=443): Failed to resolve 'gov.to.gov.br' ([Errno -2] Name or service not known)"))
2026-06-29 23:04:58,853 [WARNING] DNS vuln check failed: [Errno 2] No such file or directory: 'dig'
2026-06-29 23:04:58,856 [WARNING] API vuln check failed: HTTPSConnectionPool(host='gov.to.gov.br', port=443): Max retries exceeded with url: /api/v1/ (Caused by NameResolutionError("HTTPSConnection(host='gov.to.gov.br', port=443): Failed to resolve 'gov.to.gov.br' ([Errno -2] Name or service not known)"))
2026-06-29 23:04:58,856 [WARNING] SSL vuln check failed: HTTPSConnectionPool(host='gov.to.gov.br', port=443): Max retries exceeded with url: / (Caused by NameResolutionError("HTTPSConnection(host='gov.to.gov.br', port=443): Failed to resolve 'gov.to.gov.br' ([Errno -2] Name or service not known)"))
2026-06-29 23:04:58,856 [WARNING] Web vuln check failed: HTTPSConnectionPool(host='gov.to.gov.br', port=443): Max retries exceeded with url: / (Caused by NameResolutionError("HTTPSConnection(host='gov.to.gov.br', port=443): Failed to resolve 'gov.to.gov.br' ([Errno -2] Name or service not known)"))
2026-06-29 23:13:07,897 [WARNING] Service scan failed: [Errno 2] No such file or directory: 'nmap'
